200 application/pdf 73986 https://coadecisions.ontariocourts.ca/coa/coa/en/13667/1/document.do
200 application/pdf 29254 https://coadecisions.ontariocourts.ca/coa/coa/en/8644/1/document.do
200 application/pdf 132383 https://coadecisions.ontariocourts.ca/coa/coa/en/15837/1/document.do
200 application/pdf 84954 https://coadecisions.ontariocourts.ca/coa/coa/en/20702/1/document.do
200 application/pdf 134102 https://coadecisions.ontariocourts.ca/coa/coa/en/23251/1/document.do
200 application/pdf 155536 https://coadecisions.ontariocourts.ca/coa/coa/en/19170/1/document.do
200 application/pdf 239508 https://coadecisions.ontariocourts.ca/coa/coa/en/9970/1/document.do
200 application/pdf 98275 https://coadecisions.ontariocourts.ca/coa/coa/en/14311/1/document.do
200 application/pdf 326255 https://coadecisions.ontariocourts.ca/coa/coa/en/14946/1/document.do
200 application/pdf 439047 https://coadecisions.ontariocourts.ca/coa/coa/en/17128/1/document.do
200 application/pdf 266951 https://coadecisions.ontariocourts.ca/coa/coa/en/17952/1/document.do
200 application/pdf 242718 https://coadecisions.ontariocourts.ca/coa/coa/en/14255/1/document.do
200 application/pdf 395677 https://coadecisions.ontariocourts.ca/coa/coa/en/24463/1/document.do
200 application/pdf 497898 https://coadecisions.ontariocourts.ca/coa/coa/en/24397/1/document.do
200 application/pdf 276174 https://coadecisions.ontariocourts.ca/coa/coa/en/23348/1/document.do
200 application/pdf 395013 https://coadecisions.ontariocourts.ca/coa/coa/en/13599/1/document.do
200 application/pdf 139696 https://coadecisions.ontariocourts.ca/coa/coa/en/9469/1/document.do
200 application/pdf 396757 https://coadecisions.ontariocourts.ca/coa/coa/en/21911/1/document.do
200 application/pdf 136885 https://coadecisions.ontariocourts.ca/coa/coa/en/19711/1/document.do
200 application/pdf 34467 https://coadecisions.ontariocourts.ca/coa/coa/en/7292/1/document.do
200 application/pdf 64331 https://coadecisions.ontariocourts.ca/coa/coa/en/17976/1/document.do
200 application/pdf 351638 https://coadecisions.ontariocourts.ca/coa/coa/en/15800/1/document.do
200 application/pdf 187330 https://decisions.scc-csc.ca/scc-csc/scc-csc/en/1882/1/document.do
