
> courtsimplified@0.1.0 eval:law-exam
> node --import tsx scripts/eval/runLawExam.ts --confirm --limit 0 --mode answer --concurrency 4 --set holdout

[aiCallLog] sink: file (.ai-call-log.jsonl)
BUS-011   2/2  law 4/5  77.3s  The site covers all essential points: the corporation contracted separately from Rob, shareholders are not liable merely as shareholders, director wage liability protects employees rather than suppliers, and Dev should sue the corporation.
CIV-005   1/2  law 6/6  89.7s  The site correctly states the 20- and 40-day deadlines and that a defence may be delivered before noting in default, but never specifies that a timely notice of intent to defend adds ten days.
BUS-016   1/2  law 5/6  113.2s  The site correctly covers the financial adjustments, discretionary expense allowance, insurance exception and priority of applicable frustration clauses, but omits the essential requirement to construe the non-refundable clause in the context of the contract as a whole.
BUS-005   1/2  law 7/11  131.2s  The site correctly explains the 10% cap and section 24 release procedure but omits the right to require the estimated price, does not specify that the lien is for the amount agreed, and does not identify custody-based pressure to renegotiate as itself an unfair practice.
CRIM-005  1/2  law 5/5  51.1s  The site correctly covers knowingly conveying threats by text and threats to property and animals, but omits that property and animal threats may be prosecuted by indictment or summary conviction.
CIV-010   2/2  law 5/5  121.7s  The site covers all essential points: specific affidavit or other evidence rather than bare pleading denials, possible adverse inferences for missing firsthand evidence, and a trial or reference if only the amount owing is in issue.
CIV-015   2/2  law 10/10  124.3s  The site covers all essential points: judicial discretion, the amount recovered and refusal-to-admit factors, partial indemnity before the offer and substantial indemnity afterward unless otherwise ordered, and the Rule 76 costs and disbursement caps.
CIV-020   2/2  law 5/6  137.9s  The site covers all essential points: judicial determination of fault, joint and several liability, proportionate contribution between defendants, reduction for Ingrid’s contributory fault, and equal fault where respective degrees cannot practicably be determined.
CRIM-010  2/2  law 8/8  118.3s  The site covers all essential points: filing the prescribed form within 15 days of awareness, proving non-receipt or inability to appear through no fault of Jun, and the clerk striking out the conviction or forwarding the application to a justice for review.
EMP-005   2/2  law 4/4  93.4s  The site covers all essential points: the two-year filing and wage-recovery limits, the due-date-based clock, exclusion of the July 2022 vacation pay and any overtime outside the window, and the approved-form requirement.
CRIM-014  2/2  law 4/4  127.3s  declined to judge; The site covers all essential points without predicting success, including owner liability, possession or harbouring, liability without prior knowledge or negligence, proportionate reduction for Owen’s fault, and recovery of proven lost wages.
EMP-010   2/2  law 3/3  111.0s  The site covers protection against penalties, intimidation and threats for ESA inquiries or Ministry complaints, applies it to Owen’s hours cut and the owner’s threat, and correctly places the burden of disproving reprisal on the employer.
EST-005   2/2  law 5/6  56.5s  The site covers all essential points: Karim takes the regulation-set preferential share first and one-third of the residue, with the remaining two-thirds divided equally among the three children.
EMP-014   2/2  law 7/8  93.8s  The site correctly covers creed-based workplace harassment and its definition, sex-based harassment by a co-worker, protection against reprisal, and compensation including injury to dignity, feelings and self-respect, restitution, and compliance orders.
EST-010   2/2  law 13/13  107.3s  The site covers all essential points, including witness disqualifications, Darlene’s ineligibility, the property capacity test and capacity at signing, and court validation of both improperly witnessed documents.
EST-014   2/2  law 3/4  72.0s  The site covers all essential points: section 51(1) overrides the Real Property Limitations Act for registered land, ten years of possession gives Dale no title, and the possessory first-registration exception does not apply.
FAM-005   0/2  law 9/11  113.1s  Although the essential substantive points are covered, item 9 incorrectly permits Form 13 or Form 13.1 for the exclusive-possession claim, whereas the key requires Form 13.1.
FAM-015   2/2  law 4/4  68.2s  The site correctly identifies marriage breakdown as the basis for divorce without fault, the one-year separation requirement measured to the court’s determination rather than three years, and the rule that reconciliation attempts totalling no more than 90 days do not restart or pause the clock.
FAM-010   2/2  law 5/5  119.5s  declined to judge; The site covers all essential points: it declines to predict the outcome, requires a finding of undue hardship, identifies qualifying family debts and support for another child, explains mandatory denial for a higher household standard of living, and describes the optional Schedule II comparison tes
FAM-020   2/2  law 8/9  123.4s  declined to judge; The site avoids predicting the outcome, identifies the Family Law Act route without divorce, and covers unconscionable circumstances, eligibility for support from public money, and the section 56(4) grounds for setting aside the waiver.
LIM-005   2/2  law 0/0  2.1s  stated no law for a topic the site does not cover
HOUS-011  2/2  law 10/10  72.2s  The site correctly covers the landlord’s maintenance duty despite prior tenant knowledge, the one-year deadline for a Board application, available abatement and repair remedies, and the Board’s consideration of prior notice.
HOUS-005  1/2  law 6/6  117.6s  The site correctly states the notice, Board-form, voidness, and 12-month requirements, but omits the essential rule that the guideline cannot exceed 2.5 per cent unless an authorized exception applies.
HOUS-016  2/2  law 5/10  155.0s  The answer covers all essential points: the commercial regime, fifteen-day re-entry without demand, mutually exclusive re-entry and distress, five-day notice and two-appraiser requirements, and court relief to restore possession through the Superior Court of Justice.
LIM-010   2/2  law 4/4  113.6s  declined to judge; The site declines to predict the outcome and covers the no-genuine-issue test, the judge’s evidence-weighing, credibility and inference powers, and Hryniak’s requirement that the motion process fairly resolve the necessary factual and legal issues.
SC-005    2/2  law 9/9  113.7s  The site covers all essential points: noting Jolene in default first, clerk-signed judgment for the liquidated invoice, a written motion or assessment hearing for the equipment damage, and proof of quantum rather than liability, without contradicting the key.
SC-009    2/2  law 9/9  95.0s  The site covers the conference’s essential purposes, 14-day service and filing of documents and witness information, ready telephone access to the partner, confidentiality, and the prohibition on the conference judge presiding at trial.
SC-012    2/2  law 4/6  64.7s  The site correctly states that the offer must be served at least seven days before trial and that any award is discretionary, up to twice the costs excluding disbursements from the date of service.
SC-018    2/2  law 7/8  95.2s  The site covers all essential points: a related claim against both parties using Form 10A, leave required after 20 days and before trial or default judgment, service like a plaintiff’s claim with 20 days to defend, and trial with the main action unless the court orders otherwise.
SC-014    1/2  law 11/14  119.4s  The site correctly explains filing in London with a certificate of judgment, separate notices, service requirements and the 10-day payment deadline, but omits the essential limitation on wage garnishment under section 7 of the Wages Act.
Token use: 703 calls; per call 4183 input (0 written to cache, 0 read from cache), 471 output.
Law exam (answer): 52 of 60 points (87%) on 30 questions.
