
> courtsimplified@0.1.0 eval:retrieval-recall
> node --import tsx scripts/eval/runRetrievalRecall.ts

[aiCallLog] sink: file (.ai-call-log.jsonl)
hit  defend-served-claim (6887 ms)
hit  they-never-answered (5461 ms)
hit  default-judgment-against-me (5013 ms)
hit  claim-not-served-yet (3696 ms)
hit  which-courthouse (4467 ms)
hit  conference-coming (2984 ms)
hit  won-but-not-paid (5266 ms)
hit  too-much-for-small-claims (4551 ms)
hit  appeal-small-claims (4161 ms)
hit  cannot-afford-fees (4176 ms)
hit  old-loan (3858 ms)
hit  found-out-late (4405 ms)
hit  door-to-door (5370 ms)
hit  estimate-blown (4774 ms)
hit  mechanic-holding-car (7212 ms)
hit  lied-to-at-sale (7801 ms)
hit  product-not-fit (6275 ms)
hit  collection-calls (5188 ms)
hit  credit-report-wrong (6411 ms)
hit  deposit-kept (5273 ms)
hit  landlord-walks-in (4600 ms)
hit  repairs-ignored (6372 ms)
hit  own-use-eviction (5892 ms)
hit  dog-bite (5356 ms)
hit  store-slip (5154 ms)
hit  city-sidewalk (5236 ms)
hit  toronto-sidewalk (7877 ms)
hit  newspaper-lie (4146 ms)
hit  both-at-fault-fence (4584 ms)
hit  kid-vandalism (4626 ms)
hit  neighbour-trespass (4963 ms)
hit  fired-no-notice (6802 ms)
hit  common-law-notice (6255 ms)
hit  severance (5403 ms)
hit  vacation-pay (4107 ms)
hit  overtime (4259 ms)
MISS fired-pregnant (5318 ms)
hit  move-away (5124 ms)
hit  afraid-of-ex (8728 ms)
hit  child-support-amount (4687 ms)
hit  common-law-support (4531 ms)
hit  dividing-property (4125 ms)
hit  parenting-decisions (4010 ms)
hit  divorce-grounds (5336 ms)
hit  urgent-family-motion (8258 ms)
hit  summary-judgment (6570 ms)
hit  contractor-holdback (6663 ms)
MISS money-paid-by-mistake (4126 ms)
hit  insurer-bad-faith (6018 ms)
hit  business-partner-lied (8455 ms)

48/50 stories hit; 57/71 labels found (3 by reference); median 5236 ms.
