
> courtsimplified@0.1.0 test:fixtures
> node --import tsx scripts/verification/runFixtures.ts

[db] test:fixtures -> no Supabase URL configured

======================================================================
Running fixture: unpaid-invoice-clean
======================================================================
[aiCallLog] sink: file (.ai-call-log.jsonl)
[caseStrengthLanguageValidator] blanked cognition.systemWarnings[2] (matched term "viability", 98 chars)
[groundedCognition] 5 unverified statement(s) removed: element.explanation (presented as a fact but states law or procedure); claim.explanation (presented as a fact but states law or procedure); element.explanation (presented as a fact but states law or procedure); claim.explanation (presented as a fact but states law or procedure); link.explanation (presented as a fact but states law or procedure)
Wrote /home/runner/work/courtsimplified-platform/courtsimplified-platform/scripts/verification/fixtures/unpaidInvoiceClean.actual.md
  turns: 9, halted: false, matchedClaimType: sc-claim-unpaid-debt-services

======================================================================
Running fixture: unpaid-invoice-gap
======================================================================
[caseStrengthLanguageValidator] blanked cognition.systemWarnings[1] (matched term "prospects of success", 117 chars)
[groundedCognition] 9 unverified statement(s) removed: claim.explanation (presented as a fact but states law or procedure); claim.explanation (presented as a fact but states law or procedure); missing.reason (no source cited); missing.reason (presented as a fact but states law or procedure); missing.reason (no source cited); missing.reason (presented as a fact but states law or procedure); risk (no source cited); risk (no source cited); nextBestActions (no source cited)
Wrote /home/runner/work/courtsimplified-platform/courtsimplified-platform/scripts/verification/fixtures/unpaidInvoiceGap.actual.md
  turns: 9, halted: false, matchedClaimType: sc-claim-unpaid-debt-services

======================================================================
Running fixture: over-limit-contract
======================================================================
[caseStrengthLanguageValidator] blanked cognition.systemWarnings[2] (matched term "chances of success", 88 chars)
[groundedCognition] 7 unverified statement(s) removed: claim.explanation (presented as a fact but states law or procedure); missing.reason (no source cited); missing.reason (presented as a fact but states law or procedure); link.requiredProof (no source cited); risk (no source cited); risk (no source cited); nextBestActions (no source cited)
Wrote /home/runner/work/courtsimplified-platform/courtsimplified-platform/scripts/verification/fixtures/overLimitContract.actual.md
  turns: 9, halted: false, matchedClaimType: sc-claim-unpaid-debt-services

All 3 fixture(s) ran and were written.
